ets Jul 29 2019 12:21:46

rst:0x1 (POWERON_RESET),boot:0x13 (SPI_FAST_FLASH_BOOT)
configsip: 0, SPIWP:0xee
clk_drv:0x00,q_drv:0x00,d_drv:0x00,cs0_drv:0x00,hd_drv:0x00,wp_drv:0x00
mode:DIO, clock div:2
load:0x3fff0030,len:7176
load:0x40078000,len:15564
ho 0 tail 12 room 4
load:0x40080400,len:4
load:0x40080404,len:3904
entry 0x40080640
[0;32mI (31) boot: ESP-IDF v5.3.1 2nd stage bootloader[0m
[0;32mI (31) boot: compile time Oct 21 2024 17:26:49[0m
[0;32mI (31) boot: Multicore bootloader[0m
[0;32mI (35) boot: chip revision: v3.1[0m
[0;32mI (39) boot.esp32: SPI Speed      : 40MHz[0m
[0;32mI (44) boot.esp32: SPI Mode       : DIO[0m
[0;32mI (48) boot.esp32: SPI Flash Size : 2MB[0m
[0;32mI (53) boot: Enabling RNG early entropy source...[0m
[0;32mI (58) boot: Partition Table:[0m
[0;32mI (62) boot: ## Label            Usage          Type ST Offset   Length[0m
[0;32mI (69) boot:  0 nvs              WiFi data        01 02 00009000 00006000[0m
[0;32mI (77) boot:  1 phy_init         RF data          01 01 0000f000 00001000[0m
[0;32mI (84) boot:  2 factory          factory app      00 00 00010000 00100000[0m
[0;32mI (92) boot: End of partition table[0m
[0;32mI (96) esp_image: segment 0: paddr=00010020 vaddr=3f400020 size=0a61ch ( 42524) map[0m
[0;32mI (119) esp_image: segment 1: paddr=0001a644 vaddr=3ffb0000 size=02440h (  9280) load[0m
[0;32mI (123) esp_image: segment 2: paddr=0001ca8c vaddr=40080000 size=0358ch ( 13708) load[0m
[0;32mI (130) esp_image: segment 3: paddr=00020020 vaddr=400d0020 size=182d4h ( 99028) map[0m
[0;32mI (167) esp_image: segment 4: paddr=000382fc vaddr=4008358c size=095e8h ( 38376) load[0m
[0;32mI (189) boot: Loaded app from partition at offset 0x10000[0m
[0;32mI (189) boot: Disabling RNG early entropy source...[0m
V (201) mmap: after coalescing, 3 regions are left[0m
[0;32mI (201) cpu_start: Multicore app[0m
D (201) cpu_start: Pro cpu up[0m
D (203) cpu_start: Starting app cpu, entry point is 0x4008101c[0m
D (0) cpu_start: App cpu up[0m
D (217) clk: RTC_SLOW_CLK calibration value: 3275776[0m
D (229) cpu_start: calling init function: 0x400d105c on core: 0[0m
D (229) cpu_start: calling init function: 0x400d1184 on core: 0[0m
[0;32mI (231) cpu_start: Pro cpu start user code[0m
[0;32mI (236) cpu_start: cpu freq: 160000000 Hz[0m
D (241) cpu_start: calling init function: 0x400d0f9c on core: 0[0m
[0;32mI (247) app_init: Application information:[0m
[0;32mI (251) app_init: Project name:     blink[0m
[0;32mI (256) app_init: App version:      1[0m
[0;32mI (261) app_init: Compile time:     Oct 21 2024 17:26:47[0m
[0;32mI (266) app_init: ELF file SHA256:  d8a414cad...[0m
[0;32mI (272) app_init: ESP-IDF:          v5.3.1[0m
D (277) cpu_start: calling init function: 0x400d1070 on core: 0[0m
[0;32mI (283) efuse_init: Min chip rev:     v0.0[0m
[0;32mI (287) efuse_init: Max chip rev:     v3.99 [0m
[0;32mI (292) efuse_init: Chip rev:         v3.1[0m
D (297) cpu_start: calling init function: 0x400d2910 on core: 0[0m
V (303) memory_layout: reserved range is 0x3f40a574 - 0x3f40a5bc[0m
D (309) memory_layout: Checking 9 reserved memory ranges:[0m
D (315) memory_layout: Reserved memory range 0x3ff82000 - 0x3ff82000[0m
D (321) memory_layout: Reserved memory range 0x3ffae000 - 0x3ffae6e0[0m
D (327) memory_layout: Reserved memory range 0x3ffb0000 - 0x3ffb2d08[0m
D (334) memory_layout: Reserved memory range 0x3ffe0000 - 0x3ffe0440[0m
D (340) memory_layout: Reserved memory range 0x3ffe3f20 - 0x3ffe4350[0m
D (347) memory_layout: Reserved memory range 0x40070000 - 0x40078000[0m
D (353) memory_layout: Reserved memory range 0x40078000 - 0x40080000[0m
D (360) memory_layout: Reserved memory range 0x40080000 - 0x4008cb74[0m
D (366) memory_layout: Reserved memory range 0x50001fe8 - 0x50002000[0m
D (372) memory_layout: Building list of available memory regions:[0m
V (379) memory_layout: Examining memory region 0x3ffae000 - 0x3ffb0000[0m
V (385) memory_layout: Start of region 0x3ffae000 - 0x3ffb0000 overlaps reserved 0x3ffae000 - 0x3ffae6e0[0m
D (395) memory_layout: Available memory region 0x3ffae6e0 - 0x3ffb0000[0m
V (401) memory_layout: Examining memory region 0x3ffb0000 - 0x3ffb8000[0m
V (408) memory_layout: Start of region 0x3ffb0000 - 0x3ffb8000 overlaps reserved 0x3ffb0000 - 0x3ffb2d08[0m
D (417) memory_layout: Available memory region 0x3ffb2d08 - 0x3ffb8000[0m
V (424) memory_layout: Examining memory region 0x3ffb8000 - 0x3ffc0000[0m
D (431) memory_layout: Available memory region 0x3ffb8000 - 0x3ffc0000[0m
V (437) memory_layout: Examining memory region 0x3ffc0000 - 0x3ffc2000[0m
D (444) memory_layout: Available memory region 0x3ffc0000 - 0x3ffc2000[0m
V (450) memory_layout: Examining memory region 0x3ffc2000 - 0x3ffc4000[0m
D (457) memory_layout: Available memory region 0x3ffc2000 - 0x3ffc4000[0m
V (464) memory_layout: Examining memory region 0x3ffc4000 - 0x3ffc6000[0m
D (470) memory_layout: Available memory region 0x3ffc4000 - 0x3ffc6000[0m
V (477) memory_layout: Examining memory region 0x3ffc6000 - 0x3ffc8000[0m
D (483) memory_layout: Available memory region 0x3ffc6000 - 0x3ffc8000[0m
V (490) memory_layout: Examining memory region 0x3ffc8000 - 0x3ffca000[0m
D (497) memory_layout: Available memory region 0x3ffc8000 - 0x3ffca000[0m
V (503) memory_layout: Examining memory region 0x3ffca000 - 0x3ffcc000[0m
D (510) memory_layout: Available memory region 0x3ffca000 - 0x3ffcc000[0m
V (516) memory_layout: Examining memory region 0x3ffcc000 - 0x3ffce000[0m
D (523) memory_layout: Available memory region 0x3ffcc000 - 0x3ffce000[0m
V (530) memory_layout: Examining memory region 0x3ffce000 - 0x3ffd0000[0m
D (536) memory_layout: Available memory region 0x3ffce000 - 0x3ffd0000[0m
V (543) memory_layout: Examining memory region 0x3ffd0000 - 0x3ffd2000[0m
D (549) memory_layout: Available memory region 0x3ffd0000 - 0x3ffd2000[0m
V (556) memory_layout: Examining memory region 0x3ffd2000 - 0x3ffd4000[0m
D (563) memory_layout: Available memory region 0x3ffd2000 - 0x3ffd4000[0m
V (569) memory_layout: Examining memory region 0x3ffd4000 - 0x3ffd6000[0m
D (576) memory_layout: Available memory region 0x3ffd4000 - 0x3ffd6000[0m
V (582) memory_layout: Examining memory region 0x3ffd6000 - 0x3ffd8000[0m
D (589) memory_layout: Available memory region 0x3ffd6000 - 0x3ffd8000[0m
V (596) memory_layout: Examining memory region 0x3ffd8000 - 0x3ffda000[0m
D (602) memory_layout: Available memory region 0x3ffd8000 - 0x3ffda000[0m
V (609) memory_layout: Examining memory region 0x3ffda000 - 0x3ffdc000[0m
D (615) memory_layout: Available memory region 0x3ffda000 - 0x3ffdc000[0m
V (622) memory_layout: Examining memory region 0x3ffdc000 - 0x3ffde000[0m
D (629) memory_layout: Available memory region 0x3ffdc000 - 0x3ffde000[0m
V (635) memory_layout: Examining memory region 0x3ffde000 - 0x3ffe0000[0m
D (642) memory_layout: Available memory region 0x3ffde000 - 0x3ffe0000[0m
V (648) memory_layout: Examining memory region 0x3ffe0000 - 0x3ffe4000[0m
V (655) memory_layout: Start of region 0x3ffe0000 - 0x3ffe4000 overlaps reserved 0x3ffe0000 - 0x3ffe0440[0m
V (664) memory_layout: End of region 0x3ffe0440 - 0x3ffe4000 overlaps reserved 0x3ffe3f20 - 0x3ffe4350[0m
D (674) memory_layout: Available memory region 0x3ffe0440 - 0x3ffe3f20[0m
V (680) memory_layout: Examining memory region 0x3ffe4000 - 0x3ffe8000[0m
V (687) memory_layout: Start of region 0x3ffe4000 - 0x3ffe8000 overlaps reserved 0x3ffe3f20 - 0x3ffe4350[0m
D (697) memory_layout: Available memory region 0x3ffe4350 - 0x3ffe8000[0m
V (703) memory_layout: Examining memory region 0x3ffe8000 - 0x3fff0000[0m
D (710) memory_layout: Available memory region 0x3ffe8000 - 0x3fff0000[0m
V (716) memory_layout: Examining memory region 0x3fff0000 - 0x3fff8000[0m
D (723) memory_layout: Available memory region 0x3fff0000 - 0x3fff8000[0m
V (730) memory_layout: Examining memory region 0x3fff8000 - 0x3fffc000[0m
D (736) memory_layout: Available memory region 0x3fff8000 - 0x3fffc000[0m
V (743) memory_layout: Examining memory region 0x3fffc000 - 0x40000000[0m
D (749) memory_layout: Available memory region 0x3fffc000 - 0x40000000[0m
V (756) memory_layout: Examining memory region 0x40070000 - 0x40078000[0m
V (763) memory_layout: Region 0x40070000 - 0x40078000 inside of reserved 0x40070000 - 0x40078000[0m
V (771) memory_layout: Examining memory region 0x40078000 - 0x40080000[0m
V (778) memory_layout: Region 0x40078000 - 0x40080000 inside of reserved 0x40078000 - 0x40080000[0m
V (787) memory_layout: Examining memory region 0x40080000 - 0x40082000[0m
V (793) memory_layout: Region 0x40080000 - 0x40082000 inside of reserved 0x40080000 - 0x4008cb74[0m
V (802) memory_layout: Examining memory region 0x40082000 - 0x40084000[0m
V (809) memory_layout: Region 0x40082000 - 0x40084000 inside of reserved 0x40080000 - 0x4008cb74[0m
V (818) memory_layout: Examining memory region 0x40084000 - 0x40086000[0m
V (824) memory_layout: Region 0x40084000 - 0x40086000 inside of reserved 0x40080000 - 0x4008cb74[0m
V (833) memory_layout: Examining memory region 0x40086000 - 0x40088000[0m
V (840) memory_layout: Region 0x40086000 - 0x40088000 inside of reserved 0x40080000 - 0x4008cb74[0m
V (849) memory_layout: Examining memory region 0x40088000 - 0x4008a000[0m
V (855) memory_layout: Region 0x40088000 - 0x4008a000 inside of reserved 0x40080000 - 0x4008cb74[0m
V (864) memory_layout: Examining memory region 0x4008a000 - 0x4008c000[0m
V (871) memory_layout: Region 0x4008a000 - 0x4008c000 inside of reserved 0x40080000 - 0x4008cb74[0m
V (880) memory_layout: Examining memory region 0x4008c000 - 0x4008e000[0m
V (886) memory_layout: Start of region 0x4008c000 - 0x4008e000 overlaps reserved 0x40080000 - 0x4008cb74[0m
D (896) memory_layout: Available memory region 0x4008cb74 - 0x4008e000[0m
V (902) memory_layout: Examining memory region 0x4008e000 - 0x40090000[0m
D (909) memory_layout: Available memory region 0x4008e000 - 0x40090000[0m
V (916) memory_layout: Examining memory region 0x40090000 - 0x40092000[0m
D (922) memory_layout: Available memory region 0x40090000 - 0x40092000[0m
V (929) memory_layout: Examining memory region 0x40092000 - 0x40094000[0m
D (935) memory_layout: Available memory region 0x40092000 - 0x40094000[0m
V (942) memory_layout: Examining memory region 0x40094000 - 0x40096000[0m
D (949) memory_layout: Available memory region 0x40094000 - 0x40096000[0m
V (955) memory_layout: Examining memory region 0x40096000 - 0x40098000[0m
D (962) memory_layout: Available memory region 0x40096000 - 0x40098000[0m
V (968) memory_layout: Examining memory region 0x40098000 - 0x4009a000[0m
D (975) memory_layout: Available memory region 0x40098000 - 0x4009a000[0m
V (982) memory_layout: Examining memory region 0x4009a000 - 0x4009c000[0m
D (988) memory_layout: Available memory region 0x4009a000 - 0x4009c000[0m
V (995) memory_layout: Examining memory region 0x4009c000 - 0x4009e000[0m
D (1001) memory_layout: Available memory region 0x4009c000 - 0x4009e000[0m
V (1008) memory_layout: Examining memory region 0x4009e000 - 0x400a0000[0m
D (1015) memory_layout: Available memory region 0x4009e000 - 0x400a0000[0m
[0;32mI (1021) heap_init: Initializing. RAM available for dynamic allocation:[0m
D (1029) heap_init: New heap initialised at 0x3ffae6e0[0m
[0;32mI (1034) heap_init: At 3FFAE6E0 len 00001920 (6 KiB): DRAM[0m
D (1040) heap_init: New heap initialised at 0x3ffb2d08[0m
[0;32mI (1045) heap_init: At 3FFB2D08 len 0002D2F8 (180 KiB): DRAM[0m
[0;32mI (1052) heap_init: At 3FFE0440 len 00003AE0 (14 KiB): D/IRAM[0m
[0;32mI (1058) heap_init: At 3FFE4350 len 0001BCB0 (111 KiB): D/IRAM[0m
D (1065) heap_init: New heap initialised at 0x4008cb74[0m
[0;32mI (1070) heap_init: At 4008CB74 len 0001348C (77 KiB): IRAM[0m
D (1076) cpu_start: calling init function: 0x400d3cf8 on core: 0[0m
D (1082) cpu_start: calling init function: 0x400d3858 on core: 0[0m
D (1088) cpu_start: calling init function: 0x400d11c8 on core: 0[0m
V (1094) intr_alloc: esp_intr_alloc_intrstatus (cpu 0): checking args[0m
V (1101) intr_alloc: esp_intr_alloc_intrstatus (cpu 0): Args okay. Resulting flags 0x40E[0m
D (1109) intr_alloc: Connected src 46 to int 1 (cpu 0)[0m
D (1114) cpu_start: calling init function: 0x400d11d4 on core: 0[0m
D (1120) cpu_start: calling init function: 0x400d4e28 on core: 0[0m
D (1126) cpu_start: calling init function: 0x400d57dc on core: 0[0m
D (1132) cpu_start: calling init function: 0x400d38c4 on core: 0[0m
D (1139) cpu_start: calling init function: 0x400d3c28 on core: 0[0m
D (1144) cpu_start: calling init function: 0x400d11e0 on core: 0[0m
V (1151) memspi: raw_chip_id: 16405E
[0m
V (1154) memspi: chip_id: 5E4016
[0m
V (1158) memspi: raw_chip_id: 16405E
[0m
V (1162) memspi: chip_id: 5E4016
[0m
D (1165) spi_flash: trying chip: issi[0m
D (1169) spi_flash: trying chip: gd[0m
D (1172) spi_flash: trying chip: mxic[0m
D (1176) spi_flash: trying chip: winbond[0m
D (1180) spi_flash: trying chip: generic[0m
[0;32mI (1184) spi_flash: detected chip: generic[0m
[0;32mI (1189) spi_flash: flash io: dio[0m
[0;33mW (1193) spi_flash: Detected size(4096k) larger than the size in the binary image header(2048k). Using the size in the binary image header.[0m
D (1206) cpu_start: calling init function: 0x400d10fc on core: 0[0m
D (1212) cpu_start: calling init function: 0x40085148[0m
D (1217) cpu_start: calling init function: 0x400d2180[0m
D (1223) cpu_start: calling init function: 0x400d1784[0m
D (1228) cpu_start: calling init function: 0x400d1204 on core: 0[0m
V (1234) intr_alloc: esp_intr_alloc_intrstatus (cpu 0): checking args[0m
V (1240) intr_alloc: esp_intr_alloc_intrstatus (cpu 0): Args okay. Resulting flags 0x40E[0m
D (1248) intr_alloc: Connected src 24 to int 2 (cpu 0)[0m
D (1254) app_start: Starting scheduler on CPU0[0m
V (1258) intr_alloc: esp_intr_alloc_intrstatus (cpu 1): checking args[0m
V (1258) intr_alloc: esp_intr_alloc_intrstatus (cpu 1): Args okay. Resulting flags 0x40E[0m
[0D (1268) intr_alloc: Connected src 25 to int 1 (cpu 1)[0m
D (1278) app_start: Starting scheduler on CPU1[0m
;32mI (1258) main_task: Started on CPU0[0m
D (1288) heap_init: New heap initialised at 0x3ffe0440[0m
D (1288) heap_init: New heap initialised at 0x3ffe4350[0m
V (1288) intr_alloc: esp_intr_alloc_intrstatus (cpu 0): checking args[0m
V (1298) intr_alloc: esp_intr_alloc_intrstatus (cpu 0): Args okay. Resulting flags 0xE[0m
D (1308) intr_alloc: Connected src 16 to int 3 (cpu 0)[0m
[0;32mI (1308) main_task: Calling app_main()[0m
[0;32mI (1318) example: Example configured to blink GPIO LED![0m
[0;32mI (1318) gpio: GPIO[5]| InputEn: 0| OutputEn: 0| OpenDrain: 0| Pullup: 1| Pulldown: 0| Intr:0 [0m
[0;32mI (1328) example: Turning the LED OFF![0m
[0;32mI (2338) example: Turning the LED ON![0m
[0;32mI (3338) example: Turning the LED OFF![0m
[0;32mI (4338) example: Turning the LED ON![0m
[0;32mI (5338) example: Turning the LED OFF![0m
[0;32mI (6338) example: Turning the LED ON![0m
[0;32mI (7338) example: Turning the LED OFF![0m
[0;32mI (8338) example: Turning the LED ON![0m
[0;32mI (9338) example: Turning the LED OFF![0m
[0;32mI (10338) example: Turning the LED ON![0m
[0;32mI (11338) example: Turning the LED OFF![0m
